Copyright 1986-2016 Xilinx, Inc. All Rights Reserved.
------------------------------------------------------------------------------------
| Tool Version : Vivado v.2016.2 (win64) Build 1577090 Thu Jun  2 16:32:40 MDT 2016
| Date         : Mon Apr 30 16:20:18 2018
| Host         : Jack-GL552VW running 64-bit major release  (build 9200)
| Command      : report_control_sets -verbose -file wrapper_control_sets_placed.rpt
| Design       : wrapper
| Device       : xc7a35t
------------------------------------------------------------------------------------

Control Set Information

Table of Contents
-----------------
1. Summary
2. Flip-Flop Distribution
3. Detailed Control Set Information

1. Summary
----------

+----------------------------------------------------------+-------+
|                          Status                          | Count |
+----------------------------------------------------------+-------+
| Number of unique control sets                            |    13 |
| Unused register locations in slices containing registers |    54 |
+----------------------------------------------------------+-------+


2. Flip-Flop Distribution
-------------------------

+--------------+-----------------------+------------------------+-----------------+--------------+
| Clock Enable | Synchronous Set/Reset | Asynchronous Set/Reset | Total Registers | Total Slices |
+--------------+-----------------------+------------------------+-----------------+--------------+
| No           | No                    | No                     |              14 |            9 |
| No           | No                    | Yes                    |              21 |            6 |
| No           | Yes                   | No                     |              17 |            5 |
| Yes          | No                    | No                     |              16 |            5 |
| Yes          | No                    | Yes                    |               0 |            0 |
| Yes          | Yes                   | No                     |              22 |            8 |
+--------------+-----------------------+------------------------+-----------------+--------------+


3. Detailed Control Set Information
-----------------------------------

+----------------+----------------------------------+--------------------------------------+------------------+----------------+
|  Clock Signal  |           Enable Signal          |           Set/Reset Signal           | Slice Load Count | Bel Load Count |
+----------------+----------------------------------+--------------------------------------+------------------+----------------+
|  CLK_IBUF_BUFG |                                  | TestingKeyboard/read4_out            |                1 |              1 |
|  CLK_IBUF_BUFG | TestingKeyboard/TRIGGER          |                                      |                1 |              1 |
|  CLK_IBUF_BUFG | TestingKeyboard/caps_i_2_n_0     | TestingKeyboard/caps_i_1_n_0         |                1 |              1 |
|  CLK_IBUF_BUFG | TestingKeyboard/shift_i_2_n_0    | TestingKeyboard/shift_i_1_n_0        |                1 |              1 |
|  CLK_IBUF_BUFG | TestingKeyboard/ASCII[4]_i_2_n_0 | TestingKeyboard/ASCII[4]_i_1_n_0     |                2 |              4 |
|  CLK_IBUF_BUFG | TestingKeyboard/COUNT            |                                      |                1 |              4 |
|  CLK_IBUF_BUFG | TestingKeyboard/p_1_in[5]        | TestingKeyboard/CODEWORD2[5]_i_1_n_0 |                1 |              4 |
|  CLK_IBUF_BUFG |                                  | TestingKeyboard/CODEWORD[7]_i_1_n_0  |                1 |              8 |
|  CLK_IBUF_BUFG |                                  | TestingKeyboard/clear                |                3 |              8 |
|  CLK_IBUF_BUFG | TestingKeyboard/read4_out        |                                      |                3 |             11 |
|  CLK_IBUF_BUFG | TestingKeyboard/TRIGGER          | TestingKeyboard/count_reading        |                3 |             12 |
|  CLK_IBUF_BUFG |                                  |                                      |                9 |             14 |
|  CLK_IBUF_BUFG |                                  | rst_IBUF                             |                6 |             21 |
+----------------+----------------------------------+--------------------------------------+------------------+----------------+


